Failed password for admin from 192.168.1.10